2026-06-10 07:16:55 +0000 - dagster - DEBUG - __ASSET_JOB - ec172da0-73a4-48a8-8417-0bae0e79b36b - 21929 - LOGS_CAPTURED - Capturing logs for process (pid: 21929).
2026-06-10 07:16:55 +0000 - dagster - DEBUG - __ASSET_JOB - ec172da0-73a4-48a8-8417-0bae0e79b36b - 21929 - linkedin_job_details_html - STEP_START - Started execution of step "linkedin_job_details_html".
2026-06-10 07:16:57 +0000 - dagster - INFO - __ASSET_JOB - ec172da0-73a4-48a8-8417-0bae0e79b36b - linkedin_job_details_html - [LinkedIn] Found 219 unique jobs to crawl.
2026-06-10 07:16:57 +0000 - dagster - INFO - __ASSET_JOB - ec172da0-73a4-48a8-8417-0bae0e79b36b - linkedin_job_details_html - [LinkedIn] Crawling job 1: https://www.linkedin.com/jobs/view/senior-data-engineer-at-trustonic-4389730562
2026-06-10 07:17:02 +0000 - dagster - INFO - __ASSET_JOB - ec172da0-73a4-48a8-8417-0bae0e79b36b - linkedin_job_details_html - [LinkedIn] Crawling job 2: https://www.linkedin.com/jobs/view/data-engineer-at-yum%21-digital-technology-vietnam-4423747820
2026-06-10 07:17:07 +0000 - dagster - INFO - __ASSET_JOB - ec172da0-73a4-48a8-8417-0bae0e79b36b - linkedin_job_details_html - [LinkedIn] Crawling job 3: https://www.linkedin.com/jobs/view/data-analyst-middle-at-bravestars-games-4425815207
2026-06-10 07:17:10 +0000 - dagster - INFO - __ASSET_JOB - ec172da0-73a4-48a8-8417-0bae0e79b36b - linkedin_job_details_html - [LinkedIn] Crawling job 4: https://www.linkedin.com/jobs/view/data-cmms-engineer-at-nghi-son-refinery-and-petrochemical-limited-liability-company-4362451889
2026-06-10 07:17:13 +0000 - dagster - INFO - __ASSET_JOB - ec172da0-73a4-48a8-8417-0bae0e79b36b - linkedin_job_details_html - [LinkedIn] Crawling job 5: https://www.linkedin.com/jobs/view/lead-data-engineer-sign-on-bonus-at-gft-technologies-4285519420
2026-06-10 07:17:18 +0000 - dagster - INFO - __ASSET_JOB - ec172da0-73a4-48a8-8417-0bae0e79b36b - linkedin_job_details_html - [LinkedIn] Crawling job 6: https://www.linkedin.com/jobs/view/data-scientist-at-sme-careers-4424712858
2026-06-10 07:17:22 +0000 - dagster - INFO - __ASSET_JOB - ec172da0-73a4-48a8-8417-0bae0e79b36b - linkedin_job_details_html - [LinkedIn] Crawling job 7: https://www.linkedin.com/jobs/view/data-engineer-mid-senior-at-home-credit-vietnam-4415601108
2026-06-10 07:17:26 +0000 - dagster - INFO - __ASSET_JOB - ec172da0-73a4-48a8-8417-0bae0e79b36b - linkedin_job_details_html - [LinkedIn] Crawling job 8: https://www.linkedin.com/jobs/view/senior-data-engineer-at-mymind-technology-4426019776
2026-06-10 07:17:29 +0000 - dagster - INFO - __ASSET_JOB - ec172da0-73a4-48a8-8417-0bae0e79b36b - linkedin_job_details_html - [LinkedIn] Crawling job 9: https://www.linkedin.com/jobs/view/senior-machine-learning-engineer-at-esoft-4424023189
2026-06-10 07:17:33 +0000 - dagster - INFO - __ASSET_JOB - ec172da0-73a4-48a8-8417-0bae0e79b36b - linkedin_job_details_html - [LinkedIn] Crawling job 10: https://www.linkedin.com/jobs/view/data-scientist-at-knorex-4422246884
2026-06-10 07:17:38 +0000 - dagster - INFO - __ASSET_JOB - ec172da0-73a4-48a8-8417-0bae0e79b36b - linkedin_job_details_html - [LinkedIn] Crawling job 11: https://www.linkedin.com/jobs/view/fp-a-specialist-financial-planning-analysis-at-mekong-capital-4422008823
2026-06-10 07:17:42 +0000 - dagster - INFO - __ASSET_JOB - ec172da0-73a4-48a8-8417-0bae0e79b36b - linkedin_job_details_html - [LinkedIn] Crawling job 12: https://www.linkedin.com/jobs/view/business-analyst-at-code-leap-4396277687
2026-06-10 07:17:46 +0000 - dagster - INFO - __ASSET_JOB - ec172da0-73a4-48a8-8417-0bae0e79b36b - linkedin_job_details_html - [LinkedIn] Crawling job 13: https://www.linkedin.com/jobs/view/senior-lead-data-scientist-at-olik-global-4425666768
2026-06-10 07:17:49 +0000 - dagster - INFO - __ASSET_JOB - ec172da0-73a4-48a8-8417-0bae0e79b36b - linkedin_job_details_html - [LinkedIn] Crawling job 14: https://www.linkedin.com/jobs/view/data-engineer-at-data-impact-4382836412
2026-06-10 07:17:54 +0000 - dagster - INFO - __ASSET_JOB - ec172da0-73a4-48a8-8417-0bae0e79b36b - linkedin_job_details_html - [LinkedIn] Crawling job 15: https://www.linkedin.com/jobs/view/data-engineer-kn-sap-bw-at-kimei-global-4422335265
2026-06-10 07:17:58 +0000 - dagster - INFO - __ASSET_JOB - ec172da0-73a4-48a8-8417-0bae0e79b36b - linkedin_job_details_html - [LinkedIn] Crawling job 16: https://www.linkedin.com/jobs/view/golang-software-engineer-junior-middle-senior-at-epos-4414576625
2026-06-10 07:18:01 +0000 - dagster - INFO - __ASSET_JOB - ec172da0-73a4-48a8-8417-0bae0e79b36b - linkedin_job_details_html - [LinkedIn] Crawling job 17: https://www.linkedin.com/jobs/view/quantum-research-scientist-with-python-freelance-ai-trainer-at-mindrift-4426385032
2026-06-10 07:18:04 +0000 - dagster - INFO - __ASSET_JOB - ec172da0-73a4-48a8-8417-0bae0e79b36b - linkedin_job_details_html - [LinkedIn] Crawling job 18: https://www.linkedin.com/jobs/view/senior-data-scientist-at-socotec-4408675281
2026-06-10 07:18:09 +0000 - dagster - INFO - __ASSET_JOB - ec172da0-73a4-48a8-8417-0bae0e79b36b - linkedin_job_details_html - [LinkedIn] Crawling job 19: https://www.linkedin.com/jobs/view/senior-business-analyst-at-getz-group-4304138562
2026-06-10 07:18:13 +0000 - dagster - INFO - __ASSET_JOB - ec172da0-73a4-48a8-8417-0bae0e79b36b - linkedin_job_details_html - [LinkedIn] Crawling job 20: https://www.linkedin.com/jobs/view/senior-data-scientist-fraud-detection-at-zalopay-4417489101
2026-06-10 07:18:16 +0000 - dagster - INFO - __ASSET_JOB - ec172da0-73a4-48a8-8417-0bae0e79b36b - linkedin_job_details_html - [LinkedIn] Crawling job 21: https://www.linkedin.com/jobs/view/senior-data-scientist-ai-project-at-scc-4424163960
2026-06-10 07:18:21 +0000 - dagster - INFO - __ASSET_JOB - ec172da0-73a4-48a8-8417-0bae0e79b36b - linkedin_job_details_html - [LinkedIn] Crawling job 22: https://www.linkedin.com/jobs/view/data-analyst-power-bi-at-ada-4401823883
2026-06-10 07:18:24 +0000 - dagster - INFO - __ASSET_JOB - ec172da0-73a4-48a8-8417-0bae0e79b36b - linkedin_job_details_html - [LinkedIn] Crawling job 23: https://www.linkedin.com/jobs/view/data-scientist-at-larion-4413865085
2026-06-10 07:18:28 +0000 - dagster - INFO - __ASSET_JOB - ec172da0-73a4-48a8-8417-0bae0e79b36b - linkedin_job_details_html - [LinkedIn] Crawling job 24: https://www.linkedin.com/jobs/view/machine-learning-engineer-at-trusting-social-career-page-4416369818
2026-06-10 07:18:32 +0000 - dagster - INFO - __ASSET_JOB - ec172da0-73a4-48a8-8417-0bae0e79b36b - linkedin_job_details_html - [LinkedIn] Crawling job 25: https://www.linkedin.com/jobs/view/ai-internship-at-flyrank-ai-4418702642
2026-06-10 07:18:35 +0000 - dagster - INFO - __ASSET_JOB - ec172da0-73a4-48a8-8417-0bae0e79b36b - linkedin_job_details_html - [LinkedIn] Crawling job 26: https://www.linkedin.com/jobs/view/software-business-analyst-at-corsair-4421224719
2026-06-10 07:18:39 +0000 - dagster - INFO - __ASSET_JOB - ec172da0-73a4-48a8-8417-0bae0e79b36b - linkedin_job_details_html - [LinkedIn] Crawling job 27: https://www.linkedin.com/jobs/view/business-intelligence-analyst-operations-business-intelligence-planning-shopee-at-shopee-4322873427
2026-06-10 07:18:43 +0000 - dagster - INFO - __ASSET_JOB - ec172da0-73a4-48a8-8417-0bae0e79b36b - linkedin_job_details_html - [LinkedIn] Crawling job 28: https://www.linkedin.com/jobs/view/management-consultant-remote-at-crossing-hurdles-4408648276
2026-06-10 07:18:47 +0000 - dagster - INFO - __ASSET_JOB - ec172da0-73a4-48a8-8417-0bae0e79b36b - linkedin_job_details_html - [LinkedIn] Crawling job 29: https://www.linkedin.com/jobs/view/market-insights-manager-at-highlands-coffee%C2%AE-4418729062
2026-06-10 07:18:52 +0000 - dagster - INFO - __ASSET_JOB - ec172da0-73a4-48a8-8417-0bae0e79b36b - linkedin_job_details_html - [LinkedIn] Crawling job 30: https://www.linkedin.com/jobs/view/senior-data-engineer-cloud-at-scc-vietnam-4423092918
2026-06-10 07:18:55 +0000 - dagster - DEBUG - __ASSET_JOB - ec172da0-73a4-48a8-8417-0bae0e79b36b - 21929 - linkedin_job_details_html - STEP_OUTPUT - Yielded output "result" of type "Any". (Type check passed).
2026-06-10 07:18:55 +0000 - dagster - DEBUG - __ASSET_JOB - ec172da0-73a4-48a8-8417-0bae0e79b36b - 21929 - linkedin_job_details_html - ASSET_MATERIALIZATION - Materialized value linkedin_job_details_html.
2026-06-10 07:18:55 +0000 - dagster - DEBUG - __ASSET_JOB - ec172da0-73a4-48a8-8417-0bae0e79b36b - 21929 - linkedin_job_details_html - STEP_SUCCESS - Finished execution of step "linkedin_job_details_html" in 2m0s.
